
> vocab-viz@0.0.0 dev
> vite --host


  VITE v8.0.0-beta.16  ready in 508 ms

  ➜  Local:   http://localhost:5173/
  ➜  Network: http://192.168.1.80:5173/
11:41:30 PM [vite] (client) hmr update /src/App.jsx
11:41:31 PM [vite] (client) hmr update /src/App.jsx
11:41:36 PM [vite] (client) hmr update /src/App.jsx
11:41:38 PM [vite] (client) hmr update /src/App.jsx
11:41:42 PM [vite] (client) hmr update /src/App.jsx
11:41:50 PM [vite] (client) hmr update /src/App.jsx
11:41:52 PM [vite] (client) hmr update /src/App.jsx
11:41:56 PM [vite] (client) hmr update /src/App.jsx
11:41:59 PM [vite] (client) hmr update /src/App.jsx
11:42:11 PM [vite] (client) hmr update /src/App.jsx
11:42:14 PM [vite] (client) hmr update /src/App.jsx
11:42:16 PM [vite] (client) hmr update /src/App.jsx
11:42:20 PM [vite] (client) hmr update /src/App.jsx
11:42:23 PM [vite] (client) hmr update /src/App.jsx
11:42:24 PM [vite] (client) hmr update /src/App.jsx
11:42:30 PM [vite] (client) hmr update /src/App.jsx
11:42:31 PM [vite] (client) hmr update /src/App.jsx
11:42:33 PM [vite] (client) hmr update /src/App.jsx
11:42:35 PM [vite] (client) hmr update /src/App.jsx
11:42:37 PM [vite] (client) hmr update /src/App.jsx
11:42:41 PM [vite] (client) hmr update /src/App.jsx
11:42:42 PM [vite] (client) hmr update /src/App.jsx
11:42:44 PM [vite] (client) hmr update /src/App.jsx
11:42:51 PM [vite] (client) hmr update /src/App.jsx
11:42:52 PM [vite] (client) hmr update /src/App.jsx
11:42:53 PM [vite] (client) hmr update /src/App.jsx
11:42:53 PM [vite] (client) hmr update /src/App.jsx
11:42:56 PM [vite] (client) hmr update /src/App.jsx
11:42:57 PM [vite] (client) hmr update /src/App.jsx
11:42:57 PM [vite] (client) hmr update /src/App.jsx
11:43:01 PM [vite] (client) hmr update /src/App.jsx
11:43:02 PM [vite] (client) hmr update /src/App.jsx
11:43:08 PM [vite] (client) hmr update /src/App.jsx
11:43:10 PM [vite] (client) hmr update /src/App.jsx
11:43:12 PM [vite] (client) hmr update /src/App.jsx
11:43:14 PM [vite] (client) hmr update /src/App.jsx
11:43:38 PM [vite] (client) hmr update /src/App.jsx
11:43:39 PM [vite] (client) hmr update /src/App.jsx
11:44:16 PM [vite] (client) hmr update /src/App.jsx
11:44:18 PM [vite] (client) hmr update /src/App.jsx
11:44:20 PM [vite] (client) hmr update /src/App.jsx
11:44:21 PM [vite] (client) hmr update /src/App.jsx
11:46:07 PM [vite] (client) hmr update /src/App.jsx
11:46:10 PM [vite] (client) hmr update /src/App.jsx
11:46:12 PM [vite] (client) hmr update /src/App.jsx
11:46:35 PM [vite] (client) hmr update /src/App.jsx
11:46:56 PM [vite] (client) hmr update /src/App.jsx
11:47:38 PM [vite] (client) hmr update /src/App.jsx
11:47:40 PM [vite] (client) hmr update /src/App.jsx
11:48:28 PM [vite] (client) hmr update /src/App.jsx
11:48:30 PM [vite] (client) hmr update /src/App.jsx
11:48:34 PM [vite] (client) hmr update /src/App.jsx
11:49:05 PM [vite] (client) hmr update /src/App.jsx
11:55:21 PM [vite] (client) hmr update /src/App.jsx
11:55:35 PM [vite] (client) hmr update /src/App.jsx
11:55:38 PM [vite] (client) hmr update /src/App.jsx
11:55:44 PM [vite] (client) hmr update /src/App.jsx
11:55:47 PM [vite] (client) hmr update /src/App.jsx
11:55:49 PM [vite] (client) hmr update /src/App.jsx
11:55:51 PM [vite] (client) hmr update /src/App.jsx
11:55:53 PM [vite] (client) hmr update /src/App.jsx
11:56:02 PM [vite] (client) hmr update /src/App.jsx
11:56:03 PM [vite] (client) hmr update /src/App.jsx
11:56:06 PM [vite] (client) hmr update /src/App.jsx
11:57:05 PM [vite] (client) hmr update /src/App.jsx
11:57:07 PM [vite] (client) hmr update /src/App.jsx
11:57:08 PM [vite] (client) hmr update /src/App.jsx
11:57:38 PM [vite] (client) hmr update /src/App.jsx
11:57:40 PM [vite] (client) hmr update /src/App.jsx
11:58:08 PM [vite] (client) hmr update /src/App.jsx
11:58:10 PM [vite] (client) hmr update /src/App.jsx
11:58:14 PM [vite] (client) hmr update /src/App.jsx
11:58:35 PM [vite] (client) hmr update /src/App.jsx
11:58:37 PM [vite] (client) hmr update /src/App.jsx
9:27:26 PM [vite] (client) hmr update /src/App.jsx
9:27:43 PM [vite] (client) hmr update /src/App.jsx
9:35:36 PM [vite] (client) hmr update /src/App.jsx
9:36:33 PM [vite] (client) hmr update /src/App.jsx
9:38:05 PM [vite] (client) hmr update /src/App.jsx
9:38:42 PM [vite] (client) hmr update /src/App.jsx
9:45:10 PM [vite] (client) hmr update /src/App.jsx
9:46:13 PM [vite] (client) hmr update /src/App.jsx
9:46:53 PM [vite] (client) hmr update /src/App.jsx
9:47:54 PM [vite] (client) hmr update /src/App.jsx
9:49:02 PM [vite] (client) hmr update /src/App.jsx
9:49:59 PM [vite] (client) hmr update /src/App.jsx
9:53:40 PM [vite] (client) hmr update /src/App.jsx
9:55:05 PM [vite] (client) hmr update /src/App.jsx
9:55:20 PM [vite] (client) hmr update /src/App.jsx
9:55:24 PM [vite] (client) hmr update /src/App.jsx
10:00:14 PM [vite] (client) hmr update /src/App.jsx
10:00:59 PM [vite] (client) hmr update /src/App.jsx
10:01:28 PM [vite] (client) hmr update /src/App.jsx
10:02:01 PM [vite] (client) hmr update /src/App.jsx
10:09:05 PM [vite] (client) hmr update /src/App.jsx
10:09:18 PM [vite] (client) hmr update /src/App.jsx
10:09:43 PM [vite] (client) hmr update /src/App.jsx
10:11:32 PM [vite] (client) hmr update /src/App.jsx
